> Task :app:checkKotlinGradlePluginConfigurationErrors SKIPPED
> Task :app:preBuild UP-TO-DATE
> Task :app:preDebugBuild UP-TO-DATE
> Task :app:checkDebugAarMetadata UP-TO-DATE
> Task :app:processDebugNavigationResources UP-TO-DATE
> Task :app:compileDebugNavigationResources UP-TO-DATE
> Task :app:generateDebugResValues UP-TO-DATE
> Task :app:mapDebugSourceSetPaths UP-TO-DATE
> Task :app:generateDebugResources UP-TO-DATE
> Task :app:mergeDebugResources UP-TO-DATE
> Task :app:packageDebugResources UP-TO-DATE
> Task :app:parseDebugLocalResources UP-TO-DATE
> Task :app:createDebugCompatibleScreenManifests UP-TO-DATE
> Task :app:extractDeepLinksDebug UP-TO-DATE
> Task :app:processDebugMainManifest UP-TO-DATE
> Task :app:processDebugManifest UP-TO-DATE
> Task :app:processDebugManifestForPackage UP-TO-DATE
> Task :app:processDebugResources UP-TO-DATE
> Task :app:kspDebugKotlin UP-TO-DATE

> Task :app:compileDebugKotlin FAILED
.\gradlew.bat : e: file:///C:/
Users/user/AndroidStudioProjec
ts/CodeRush/app/src/main/java/
com/example/coderush/multiplay
er/MultiCreate.kt:26:37 
Unresolved reference 
'compose'.
At line:1 char:1
+ .\gradlew.bat 
compileDebugKotlin > 
compile.log 2>&1
+ ~~~~~~~~~~~~~~~~~~~~~~~~~~~~
~~~~~~~~~~~~~~~~~~~~~~~
    + CategoryInfo          : 
    NotSpecified: (e: file:/  
  //C:/U...ence 'compose'.:   
 String) [], RemoteExcepti    
on
    + FullyQualifiedErrorId : 
    NativeCommandError
 
e: file:///C:/Users/user/Andro
idStudioProjects/CodeRush/app/
src/main/java/com/example/code
rush/multiplayer/MultiCreate.k
t:61:40 Unresolved reference 
'viewModel'.
e: file:///C:/Users/user/Andro
idStudioProjects/CodeRush/app/
src/main/java/com/example/code
rush/multiplayer/MultiLogin.kt
:28:37 Unresolved reference 
'compose'.
e: file:///C:/Users/user/Andro
idStudioProjects/CodeRush/app/
src/main/java/com/example/code
rush/multiplayer/MultiLogin.kt
:67:40 Unresolved reference 
'viewModel'.

FAILURE: Build failed with an 
exception.

* What went wrong:
Execution failed for task 
':app:compileDebugKotlin'.
> A failure occurred while 
executing org.jetbrains.kotlin
.compilerRunner.GradleCompiler
RunnerWithWorkers$GradleKotlin
CompilerWorkAction
   > Compilation error. See 
log for more details

* Try:
> Run with --stacktrace 
option to get the stack trace.
> Run with --info or --debug 
option to get more log output.
> Run with --scan to get full 
insights.
> Get more help at 
https://help.gradle.org.

BUILD FAILED in 18s
17 actionable tasks: 1 executed, 16 up-to-date
